// Jest Snapshot v1, https://goo.gl/fbAQLP

exports[`MainLayout should match the MainLayout snapshot 1`] = `
{
  "asFragment": [Function],
  "baseElement": <body>
    <div>
      <main
        class="className h-screen w-screen overflow-auto flex flex-col p-6 items-center justify-between gap-4"
      >
        <section
          class="flex flex-col items-center w-full"
        >
          <div
            class="rounded-lg border bg-card text-card-foreground shadow-sm relative w-full sm:w-8/12 h-auto"
          >
            <div
              class="relative w-full h-52"
            >
              <img
                alt="bg-pic"
                class="rounded-md object-cover"
                data-nimg="fill"
                decoding="async"
                loading="lazy"
                src="/images/fallbackBgImg.svg"
                style="position: absolute; height: 100%; width: 100%; left: 0px; top: 0px; right: 0px; bottom: 0px; color: transparent;"
              />
            </div>
            <div
              class="pb-6 px-6"
            >
              <div
                class="relative -mt-16 px-4 flex justify-start sm:-mt-20"
              >
                <div
                  class="relative w-32 h-32 sm:w-40 sm:h-40"
                >
                  <img
                    alt="profile-pic"
                    class="rounded-full object-cover"
                    data-nimg="fill"
                    decoding="async"
                    loading="lazy"
                    src="/images/fallbackProfileImg.svg"
                    style="position: absolute; height: 100%; width: 100%; left: 0px; top: 0px; right: 0px; bottom: 0px; color: transparent;"
                  />
                </div>
              </div>
              <div
                class="flex flex-col sm:flex-row justify-between"
              >
                <div
                  class="flex flex-col gap-2 mt-3"
                >
                  <h3
                    class="scroll-m-20 text-2xl font-semibold tracking-tight"
                  >
                    John Doe
                  </h3>
                  <p
                    class="text-xl text-muted-foreground"
                  >
                    Software Engineer
                  </p>
                </div>
                <div
                  class="flex flex-row gap-5 mt-3 justify-evenly"
                >
                  <div
                    class="flex flex-col justify-between py-3 items-center"
                  >
                    <p
                      class="text-base text-muted-foreground"
                    >
                      100
                    </p>
                    <p
                      class="text-base"
                    >
                      Followers
                    </p>
                  </div>
                  <div
                    class="shrink-0 bg-border h-full w-[1px]"
                    data-orientation="vertical"
                    role="none"
                  />
                  <div
                    class="flex flex-col justify-between py-3 items-center"
                  >
                    <p
                      class="text-base text-muted-foreground"
                    >
                      200
                    </p>
                    <p
                      class="text-base"
                    >
                      Following
                    </p>
                  </div>
                </div>
              </div>
            </div>
          </div>
          <div
            class="w-full sm:w-8/12 flex flex-col sm:flex-row gap-4 justify-evenly mt-8"
          >
            <button
              class="inline-flex items-center justify-center whitespace-nowrap rounded-md text-sm font-medium ring-offset-background transition-colors focus-visible:outline-none focus-visible:ring-2 focus-visible:ring-ring focus-visible:ring-offset-2 disabled:pointer-events-none disabled:opacity-50 border border-input bg-background hover:bg-accent hover:text-accent-foreground h-10 px-4 py-2"
            >
              PersonA
            </button>
            <button
              class="inline-flex items-center justify-center whitespace-nowrap rounded-md text-sm font-medium ring-offset-background transition-colors focus-visible:outline-none focus-visible:ring-2 focus-visible:ring-ring focus-visible:ring-offset-2 disabled:pointer-events-none disabled:opacity-50 border border-input bg-background hover:bg-accent hover:text-accent-foreground h-10 px-4 py-2"
            >
              PersonB
            </button>
            <button
              class="inline-flex items-center justify-center whitespace-nowrap rounded-md text-sm font-medium ring-offset-background transition-colors focus-visible:outline-none focus-visible:ring-2 focus-visible:ring-ring focus-visible:ring-offset-2 disabled:pointer-events-none disabled:opacity-50 border border-input bg-background hover:bg-accent hover:text-accent-foreground h-10 px-4 py-2"
            >
              PersonC
            </button>
          </div>
        </section>
        <section
          class="flex flex-col sm:flex-row justify-between w-full sm:w-8/12 border border-gray-300 rounded-lg p-4 gap-4"
        >
          <p
            class="className leading-7"
            data-testid="current-time"
          >
            01-01-2024 : 12:00:00
          </p>
          <div
            class="flex flex-row items-center space-x-2"
          >
            <button
              aria-checked="false"
              class="peer inline-flex h-6 w-11 shrink-0 cursor-pointer items-center rounded-full border-2 border-transparent transition-colors focus-visible:outline-none focus-visible:ring-2 focus-visible:ring-ring focus-visible:ring-offset-2 focus-visible:ring-offset-background disabled:cursor-not-allowed disabled:opacity-50 data-[state=checked]:bg-primary data-[state=unchecked]:bg-input"
              data-state="unchecked"
              id="toggle-logs"
              role="switch"
              type="button"
              value="on"
            >
              <span
                class="pointer-events-none block h-5 w-5 rounded-full bg-background shadow-lg ring-0 transition-transform data-[state=checked]:translate-x-5 data-[state=unchecked]:translate-x-0"
                data-state="unchecked"
              />
            </button>
            <label
              class="text-sm font-medium leading-none peer-disabled:cursor-not-allowed peer-disabled:opacity-70"
              for="toggle-logs"
            >
              Enable Logs
            </label>
          </div>
        </section>
      </main>
    </div>
  </body>,
  "container": <div>
    <main
      class="className h-screen w-screen overflow-auto flex flex-col p-6 items-center justify-between gap-4"
    >
      <section
        class="flex flex-col items-center w-full"
      >
        <div
          class="rounded-lg border bg-card text-card-foreground shadow-sm relative w-full sm:w-8/12 h-auto"
        >
          <div
            class="relative w-full h-52"
          >
            <img
              alt="bg-pic"
              class="rounded-md object-cover"
              data-nimg="fill"
              decoding="async"
              loading="lazy"
              src="/images/fallbackBgImg.svg"
              style="position: absolute; height: 100%; width: 100%; left: 0px; top: 0px; right: 0px; bottom: 0px; color: transparent;"
            />
          </div>
          <div
            class="pb-6 px-6"
          >
            <div
              class="relative -mt-16 px-4 flex justify-start sm:-mt-20"
            >
              <div
                class="relative w-32 h-32 sm:w-40 sm:h-40"
              >
                <img
                  alt="profile-pic"
                  class="rounded-full object-cover"
                  data-nimg="fill"
                  decoding="async"
                  loading="lazy"
                  src="/images/fallbackProfileImg.svg"
                  style="position: absolute; height: 100%; width: 100%; left: 0px; top: 0px; right: 0px; bottom: 0px; color: transparent;"
                />
              </div>
            </div>
            <div
              class="flex flex-col sm:flex-row justify-between"
            >
              <div
                class="flex flex-col gap-2 mt-3"
              >
                <h3
                  class="scroll-m-20 text-2xl font-semibold tracking-tight"
                >
                  John Doe
                </h3>
                <p
                  class="text-xl text-muted-foreground"
                >
                  Software Engineer
                </p>
              </div>
              <div
                class="flex flex-row gap-5 mt-3 justify-evenly"
              >
                <div
                  class="flex flex-col justify-between py-3 items-center"
                >
                  <p
                    class="text-base text-muted-foreground"
                  >
                    100
                  </p>
                  <p
                    class="text-base"
                  >
                    Followers
                  </p>
                </div>
                <div
                  class="shrink-0 bg-border h-full w-[1px]"
                  data-orientation="vertical"
                  role="none"
                />
                <div
                  class="flex flex-col justify-between py-3 items-center"
                >
                  <p
                    class="text-base text-muted-foreground"
                  >
                    200
                  </p>
                  <p
                    class="text-base"
                  >
                    Following
                  </p>
                </div>
              </div>
            </div>
          </div>
        </div>
        <div
          class="w-full sm:w-8/12 flex flex-col sm:flex-row gap-4 justify-evenly mt-8"
        >
          <button
            class="inline-flex items-center justify-center whitespace-nowrap rounded-md text-sm font-medium ring-offset-background transition-colors focus-visible:outline-none focus-visible:ring-2 focus-visible:ring-ring focus-visible:ring-offset-2 disabled:pointer-events-none disabled:opacity-50 border border-input bg-background hover:bg-accent hover:text-accent-foreground h-10 px-4 py-2"
          >
            PersonA
          </button>
          <button
            class="inline-flex items-center justify-center whitespace-nowrap rounded-md text-sm font-medium ring-offset-background transition-colors focus-visible:outline-none focus-visible:ring-2 focus-visible:ring-ring focus-visible:ring-offset-2 disabled:pointer-events-none disabled:opacity-50 border border-input bg-background hover:bg-accent hover:text-accent-foreground h-10 px-4 py-2"
          >
            PersonB
          </button>
          <button
            class="inline-flex items-center justify-center whitespace-nowrap rounded-md text-sm font-medium ring-offset-background transition-colors focus-visible:outline-none focus-visible:ring-2 focus-visible:ring-ring focus-visible:ring-offset-2 disabled:pointer-events-none disabled:opacity-50 border border-input bg-background hover:bg-accent hover:text-accent-foreground h-10 px-4 py-2"
          >
            PersonC
          </button>
        </div>
      </section>
      <section
        class="flex flex-col sm:flex-row justify-between w-full sm:w-8/12 border border-gray-300 rounded-lg p-4 gap-4"
      >
        <p
          class="className leading-7"
          data-testid="current-time"
        >
          01-01-2024 : 12:00:00
        </p>
        <div
          class="flex flex-row items-center space-x-2"
        >
          <button
            aria-checked="false"
            class="peer inline-flex h-6 w-11 shrink-0 cursor-pointer items-center rounded-full border-2 border-transparent transition-colors focus-visible:outline-none focus-visible:ring-2 focus-visible:ring-ring focus-visible:ring-offset-2 focus-visible:ring-offset-background disabled:cursor-not-allowed disabled:opacity-50 data-[state=checked]:bg-primary data-[state=unchecked]:bg-input"
            data-state="unchecked"
            id="toggle-logs"
            role="switch"
            type="button"
            value="on"
          >
            <span
              class="pointer-events-none block h-5 w-5 rounded-full bg-background shadow-lg ring-0 transition-transform data-[state=checked]:translate-x-5 data-[state=unchecked]:translate-x-0"
              data-state="unchecked"
            />
          </button>
          <label
            class="text-sm font-medium leading-none peer-disabled:cursor-not-allowed peer-disabled:opacity-70"
            for="toggle-logs"
          >
            Enable Logs
          </label>
        </div>
      </section>
    </main>
  </div>,
  "debug": [Function],
  "findAllByAltText": [Function],
  "findAllByDisplayValue": [Function],
  "findAllByLabelText": [Function],
  "findAllByPlaceholderText": [Function],
  "findAllByRole": [Function],
  "findAllByTestId": [Function],
  "findAllByText": [Function],
  "findAllByTitle": [Function],
  "findByAltText": [Function],
  "findByDisplayValue": [Function],
  "findByLabelText": [Function],
  "findByPlaceholderText": [Function],
  "findByRole": [Function],
  "findByTestId": [Function],
  "findByText": [Function],
  "findByTitle": [Function],
  "getAllByAltText": [Function],
  "getAllByDisplayValue": [Function],
  "getAllByLabelText": [Function],
  "getAllByPlaceholderText": [Function],
  "getAllByRole": [Function],
  "getAllByTestId": [Function],
  "getAllByText": [Function],
  "getAllByTitle": [Function],
  "getByAltText": [Function],
  "getByDisplayValue": [Function],
  "getByLabelText": [Function],
  "getByPlaceholderText": [Function],
  "getByRole": [Function],
  "getByTestId": [Function],
  "getByText": [Function],
  "getByTitle": [Function],
  "queryAllByAltText": [Function],
  "queryAllByDisplayValue": [Function],
  "queryAllByLabelText": [Function],
  "queryAllByPlaceholderText": [Function],
  "queryAllByRole": [Function],
  "queryAllByTestId": [Function],
  "queryAllByText": [Function],
  "queryAllByTitle": [Function],
  "queryByAltText": [Function],
  "queryByDisplayValue": [Function],
  "queryByLabelText": [Function],
  "queryByPlaceholderText": [Function],
  "queryByRole": [Function],
  "queryByTestId": [Function],
  "queryByText": [Function],
  "queryByTitle": [Function],
  "rerender": [Function],
  "unmount": [Function],
}
`;
