// Jest Snapshot v1, https://goo.gl/fbAQLP

exports[`User Error Alert should match the UserErrorAlert snapshot 1`] = `
{
  "asFragment": [Function],
  "baseElement": <body>
    <div>
      <div
        class="relative rounded-lg border p-4 [&>svg~*]:pl-7 [&>svg+div]:translate-y-[-3px] [&>svg]:absolute [&>svg]:left-4 [&>svg]:top-4 border-destructive/50 text-destructive dark:border-destructive [&>svg]:text-destructive w-full sm:w-8/12"
        role="alert"
      >
        <svg
          class="lucide lucide-circle-alert h-4 w-4"
          fill="none"
          height="24"
          stroke="currentColor"
          stroke-linecap="round"
          stroke-linejoin="round"
          stroke-width="2"
          viewBox="0 0 24 24"
          width="24"
          xmlns="http://www.w3.org/2000/svg"
        >
          <circle
            cx="12"
            cy="12"
            r="10"
          />
          <line
            x1="12"
            x2="12"
            y1="8"
            y2="12"
          />
          <line
            x1="12"
            x2="12.01"
            y1="16"
            y2="16"
          />
        </svg>
        <h5
          class="mb-1 font-medium leading-none tracking-tight"
        >
          Error
        </h5>
        <div
          class="text-sm [&_p]:leading-relaxed"
          data-testid="alert-description"
        >
          Failed to fetch user information
        </div>
      </div>
    </div>
  </body>,
  "container": <div>
    <div
      class="relative rounded-lg border p-4 [&>svg~*]:pl-7 [&>svg+div]:translate-y-[-3px] [&>svg]:absolute [&>svg]:left-4 [&>svg]:top-4 border-destructive/50 text-destructive dark:border-destructive [&>svg]:text-destructive w-full sm:w-8/12"
      role="alert"
    >
      <svg
        class="lucide lucide-circle-alert h-4 w-4"
        fill="none"
        height="24"
        stroke="currentColor"
        stroke-linecap="round"
        stroke-linejoin="round"
        stroke-width="2"
        viewBox="0 0 24 24"
        width="24"
        xmlns="http://www.w3.org/2000/svg"
      >
        <circle
          cx="12"
          cy="12"
          r="10"
        />
        <line
          x1="12"
          x2="12"
          y1="8"
          y2="12"
        />
        <line
          x1="12"
          x2="12.01"
          y1="16"
          y2="16"
        />
      </svg>
      <h5
        class="mb-1 font-medium leading-none tracking-tight"
      >
        Error
      </h5>
      <div
        class="text-sm [&_p]:leading-relaxed"
        data-testid="alert-description"
      >
        Failed to fetch user information
      </div>
    </div>
  </div>,
  "debug": [Function],
  "findAllByAltText": [Function],
  "findAllByDisplayValue": [Function],
  "findAllByLabelText": [Function],
  "findAllByPlaceholderText": [Function],
  "findAllByRole": [Function],
  "findAllByTestId": [Function],
  "findAllByText": [Function],
  "findAllByTitle": [Function],
  "findByAltText": [Function],
  "findByDisplayValue": [Function],
  "findByLabelText": [Function],
  "findByPlaceholderText": [Function],
  "findByRole": [Function],
  "findByTestId": [Function],
  "findByText": [Function],
  "findByTitle": [Function],
  "getAllByAltText": [Function],
  "getAllByDisplayValue": [Function],
  "getAllByLabelText": [Function],
  "getAllByPlaceholderText": [Function],
  "getAllByRole": [Function],
  "getAllByTestId": [Function],
  "getAllByText": [Function],
  "getAllByTitle": [Function],
  "getByAltText": [Function],
  "getByDisplayValue": [Function],
  "getByLabelText": [Function],
  "getByPlaceholderText": [Function],
  "getByRole": [Function],
  "getByTestId": [Function],
  "getByText": [Function],
  "getByTitle": [Function],
  "queryAllByAltText": [Function],
  "queryAllByDisplayValue": [Function],
  "queryAllByLabelText": [Function],
  "queryAllByPlaceholderText": [Function],
  "queryAllByRole": [Function],
  "queryAllByTestId": [Function],
  "queryAllByText": [Function],
  "queryAllByTitle": [Function],
  "queryByAltText": [Function],
  "queryByDisplayValue": [Function],
  "queryByLabelText": [Function],
  "queryByPlaceholderText": [Function],
  "queryByRole": [Function],
  "queryByTestId": [Function],
  "queryByText": [Function],
  "queryByTitle": [Function],
  "rerender": [Function],
  "unmount": [Function],
}
`;
